[ordainit.com/html/insef/index-2.html]
[backblue.gif]
[fade.gif]
[index.html]
[ordainit.com/html/insef/assets/img/favicon.png]
[ordainit.com/html/insef/assets/css/bootstrap.min.css]
[ordainit.com/html/insef/assets/css/animate.css]
[ordainit.com/html/insef/assets/css/custom-animation.css]
[ordainit.com/html/insef/assets/css/swiper-bundle.css]
[ordainit.com/html/insef/assets/css/slick.css]
[ordainit.com/html/insef/assets/css/nice-select.css]
[ordainit.com/html/insef/assets/css/flaticon.css]
[ordainit.com/html/insef/assets/css/meanmenu.css]
[ordainit.com/html/insef/assets/css/font-awesome-pro.css]
[ordainit.com/html/insef/assets/css/magnific-popup.css]
[ordainit.com/html/insef/assets/css/spacing.css]
[ordainit.com/html/insef/assets/css/style.css]
[ordainit.com/html/insef/index.html]
[ordainit.com/html/insef/assets/img/logo/logo-blue.png]
[ordainit.com/html/insef/index-3.html]
[ordainit.com/html/insef/about.html]
[ordainit.com/html/insef/services-details.html]
[ordainit.com/html/insef/services.html]
[ordainit.com/html/insef/Portfolio.html]
[ordainit.com/html/insef/portfolio-details.html]
[ordainit.com/html/insef/team.html]
[ordainit.com/html/insef/team-details.html]
[ordainit.com/html/insef/Price.html]
[ordainit.com/html/insef/faq.html]
[ordainit.com/html/insef/404.html]
[ordainit.com/html/insef/blog-details.html]
[ordainit.com/html/insef/blog.html]
[ordainit.com/html/insef/contact.html]
[ordainit.com/html/insef/assets/img/logo/logo.png]
[ordainit.com/html/insef/assets/img/slider/hero-4.jpg]
[ordainit.com/html/insef/assets/img/slider/hero-3.jpg]
[ordainit.com/html/insef/assets/img/slider/hero-5.jpg]
[ordainit.com/html/insef/assets/img/journey/shape-1.png]
[ordainit.com/html/insef/assets/img/journey/shape-2.png]
[ordainit.com/html/insef/assets/img/journey/journey-1.jpg]
[ordainit.com/html/insef/assets/img/journey/journey-2.jpg]
[ordainit.com/html/insef/assets/img/testimonial/testi-3.png]
[ordainit.com/html/insef/assets/img/project/project-6.jpg]
[ordainit.com/html/insef/assets/img/project/project-7.jpg]
[ordainit.com/html/insef/assets/img/project/project-8.jpg]
[ordainit.com/html/insef/assets/img/work/work-shape-2.png]
[ordainit.com/html/insef/assets/img/work/work-shape-1.png]
[ordainit.com/html/insef/assets/img/work/work-1.jpg]
[ordainit.com/html/insef/assets/img/work/work-2.png]
[ordainit.com/html/insef/assets/img/cta/cta-bg.jpg]
[ordainit.com/html/insef/assets/img/brand/brand-1.png]
[ordainit.com/html/insef/assets/img/brand/brand-2.png]
[ordainit.com/html/insef/assets/img/brand/brand-4.png]
[ordainit.com/html/insef/assets/img/brand/brand-5.png]
[ordainit.com/html/insef/assets/img/brand/brand-6.png]
[ordainit.com/html/insef/assets/img/blog/blog-1.jpg]
[ordainit.com/html/insef/assets/img/blog/blog-2.jpg]
[ordainit.com/html/insef/assets/img/blog/blog-3.jpg]
[ordainit.com/html/insef/assets/img/footer/footer-bg.jpg]
[ordainit.com/html/insef/assets/js/jquery.js]
[ordainit.com/html/insef/assets/js/waypoints.js]
[ordainit.com/html/insef/assets/js/bootstrap.bundle.min.js]
[ordainit.com/html/insef/assets/js/swiper-bundle.js]
[ordainit.com/html/insef/assets/js/slick.js]
[ordainit.com/html/insef/assets/js/magnific-popup.js]
[ordainit.com/html/insef/assets/js/counterup.js]
[ordainit.com/html/insef/assets/js/wow.js]
[ordainit.com/html/insef/assets/js/nice-select.js]
[ordainit.com/html/insef/assets/js/meanmenu.js]
[ordainit.com/html/insef/assets/js/isotope-pkgd.js]
[ordainit.com/html/insef/assets/js/imagesloaded-pkgd.js]
[ordainit.com/html/insef/assets/js/ajax-form.js]
[ordainit.com/html/insef/assets/js/main.js]
[ordainit.com/html/insef/index-2.html]
[ordainit.com/html/insef/assets/css/bootstrap.min.css]
[ordainit.com/html/insef/assets/css/animate.css]
[ordainit.com/html/insef/assets/css/custom-animation.css]
[ordainit.com/html/insef/assets/css/swiper-bundle.css]
[ordainit.com/html/insef/assets/css/slick.css]
[ordainit.com/html/insef/assets/css/nice-select.css]
[ordainit.com/html/insef/assets/fonts/fa-solid-900.ttf]
[ordainit.com/html/insef/assets/fonts/fa-brands-400.woff]
[ordainit.com/html/insef/assets/fonts/fa-duotone-900.woff2]
[ordainit.com/html/insef/assets/fonts/fa-regular-400.eot]
[ordainit.com/html/insef/assets/fonts/fa-light-300.svg]
[ordainit.com/html/insef/assets/css/flaticon.css]
[ordainit.com/html/insef/assets/css/meanmenu.css]
[ordainit.com/html/insef/assets/fonts/fa-brands-400.eot]
[ordainit.com/html/insef/assets/fonts/fa-brands-400d41d.eot]
[ordainit.com/html/insef/assets/fonts/fa-brands-400.woff2]
[ordainit.com/html/insef/assets/fonts/fa-brands-400.ttf]
[ordainit.com/html/insef/assets/fonts/fa-brands-400.svg]
[ordainit.com/html/insef/assets/fonts/fa-duotone-900.eot]
[ordainit.com/html/insef/assets/fonts/fa-duotone-900d41d.eot]
[ordainit.com/html/insef/assets/fonts/fa-duotone-900.woff]
[ordainit.com/html/insef/assets/fonts/fa-duotone-900.ttf]
[ordainit.com/html/insef/assets/fonts/fa-duotone-900.svg]
[ordainit.com/html/insef/assets/fonts/fa-light-300.eot]
[ordainit.com/html/insef/assets/fonts/fa-light-300d41d.eot]
[ordainit.com/html/insef/assets/fonts/fa-light-300.woff2]
[ordainit.com/html/insef/assets/fonts/fa-light-300.woff]
[ordainit.com/html/insef/assets/fonts/fa-light-300.ttf]
[ordainit.com/html/insef/assets/fonts/fa-regular-400d41d.eot]
[ordainit.com/html/insef/assets/fonts/fa-regular-400.woff2]
[ordainit.com/html/insef/assets/fonts/fa-regular-400.woff]
[ordainit.com/html/insef/assets/fonts/fa-regular-400.ttf]
[ordainit.com/html/insef/assets/fonts/fa-regular-400.svg]
[ordainit.com/html/insef/assets/fonts/fa-solid-900.eot]
[ordainit.com/html/insef/assets/fonts/fa-solid-900d41d.eot]
[ordainit.com/html/insef/assets/fonts/fa-solid-900.woff2]
[ordainit.com/html/insef/assets/fonts/fa-solid-900.woff]
[ordainit.com/html/insef/assets/fonts/fa-solid-900.svg]
[ordainit.com/html/insef/assets/css/font-awesome-pro.css]
[ordainit.com/html/insef/assets/css/magnific-popup.css]
[ordainit.com/html/insef/assets/css/spacing.css]
[ordainit.com/html/insef/assets/img/cross-out.png]
[ordainit.com/html/insef/assets/css/style.css]
[ordainit.com/html/insef/assets/img/about/about-bg.jpg]
[ordainit.com/html/insef/assets/img/about/about-shape-1.png]
[ordainit.com/html/insef/assets/img/about/about-img.png]
[ordainit.com/html/insef/assets/img/about/about-sm.png]
[ordainit.com/html/insef/assets/img/testimonial/testi-1.png]
[ordainit.com/html/insef/assets/img/testimonial/testi-2.png]
[ordainit.com/html/insef/assets/img/quote/quote-bg.jpg]
[ordainit.com/html/insef/assets/img/quote/quote-shape-2.png]
[ordainit.com/html/insef/assets/img/quote/quote-1.png]
[ordainit.com/html/insef/assets/img/team/team-shape-1.png]
[ordainit.com/html/insef/assets/img/team/team-shape-2.png]
[ordainit.com/html/insef/assets/img/team/team-1.jpg]
[ordainit.com/html/insef/assets/img/team/team-2.jpg]
[ordainit.com/html/insef/assets/img/team/team-3.jpg]
[ordainit.com/html/insef/assets/img/service/ch-shape-1.png]
[ordainit.com/html/insef/assets/img/service/ch-shape-2.png]
[ordainit.com/html/insef/assets/img/service/ch-1.jpg]
[ordainit.com/html/insef/assets/img/service/ch-2.jpg]
[ordainit.com/html/insef/assets/img/project/project-bg.jpg]
[ordainit.com/html/insef/assets/img/project/project-1.jpg]
[ordainit.com/html/insef/assets/img/project/project-2.jpg]
[ordainit.com/html/insef/assets/img/project/project-3.jpg]
[ordainit.com/html/insef/assets/img/project/project-4.jpg]
[ordainit.com/html/insef/assets/img/project/project-5.jpg]
[ordainit.com/html/insef/index.html]
[ordainit.com/html/insef/portfolio-2.html]
[ordainit.com/html/insef/price-2.html]
[ordainit.com/html/insef/assets/img/slider/hero-3-1.jpg]
[ordainit.com/html/insef/assets/img/slider/hero-3-3.jpg]
[ordainit.com/html/insef/assets/img/about/about-1.jpg]
[ordainit.com/html/insef/assets/img/journey/journey-shape-3.png]
[ordainit.com/html/insef/assets/img/journey/journey-3.jpg]
[ordainit.com/html/insef/assets/img/testimonial/testi-4.png]
[ordainit.com/html/insef/assets/img/work/work-bg-1.jpg]
[ordainit.com/html/insef/assets/img/work/wk-1.jpg]
[ordainit.com/html/insef/assets/img/work/wk-2.jpg]
[ordainit.com/html/insef/assets/img/blog/blog-bg-1.jpg]
[ordainit.com/html/insef/assets/img/blog/blog-4.jpg]
[ordainit.com/html/insef/assets/img/blog/blog-5.jpg]
[ordainit.com/html/insef/assets/img/blog/blog-6.jpg]
[ordainit.com/html/insef/index-3.html]
[ordainit.com/html/insef/assets/img/breadcurmb/breadcurmb.jpg]
[ordainit.com/html/insef/assets/img/service/sv-shape-1.png]
[ordainit.com/html/insef/assets/img/service/sv-shape-2.png]
[ordainit.com/html/insef/assets/img/story/border-shape.png]
[ordainit.com/html/insef/assets/img/cta/cta-bg-2.jpg]
[ordainit.com/html/insef/about.html]
[ordainit.com/html/insef/assets/img/service/service-details-1.jpg]
[ordainit.com/html/insef/assets/img/service/service-details-2.jpg]
[ordainit.com/html/insef/services-details.html]
[ordainit.com/html/insef/services.html]
[ordainit.com/html/insef/assets/img/breadcurmb/breadcurmb-3.jpg]
[ordainit.com/html/insef/assets/img/project/project-9.jpg]
[ordainit.com/html/insef/assets/img/project/project-10.jpg]
[ordainit.com/html/insef/assets/img/project/project-11.jpg]
[ordainit.com/html/insef/Portfolio.html]
[ordainit.com/html/insef/assets/img/project/portfolio-details-1.jpg]
[ordainit.com/html/insef/assets/img/project/portfolio-details-2.jpg]
[ordainit.com/html/insef/portfolio-details.html]
[ordainit.com/html/insef/assets/img/team/team-4.jpg]
[ordainit.com/html/insef/assets/img/team/team-5.jpg]
[ordainit.com/html/insef/assets/img/team/team-6.jpg]
[ordainit.com/html/insef/assets/img/team/team-7.jpg]
[ordainit.com/html/insef/team.html]
[ordainit.com/html/insef/assets/img/team/team-9.jpg]
[ordainit.com/html/insef/assets/img/team/team-10.jpg]
[ordainit.com/html/insef/assets/img/team/team-11.jpg]
[ordainit.com/html/insef/assets/img/team/team-details-certi-3.jpg]
[ordainit.com/html/insef/assets/img/team/team-details-certi-2.jpg]
[ordainit.com/html/insef/assets/img/team/team-details-certi-1.jpg]
[ordainit.com/html/insef/team-details.html]
[ordainit.com/html/insef/Price.html]
[ordainit.com/html/insef/faq.html]
[ordainit.com/html/insef/assets/img/breadcurmb/breadcurmb-2.jpg]
[ordainit.com/html/insef/assets/img/error/error-bg.jpg]
[ordainit.com/html/insef/assets/img/error/error.png]
[ordainit.com/html/insef/404.html]
[ordainit.com/html/insef/assets/img/blog/blog-details-1.jpg]
[ordainit.com/html/insef/assets/img/blog/blog-details-2.jpg]
[ordainit.com/html/insef/assets/img/blog/blog-details-3.jpg]
[ordainit.com/html/insef/blog-details.html]
[ordainit.com/html/insef/assets/img/blog/blog-2-2.jpg]
[ordainit.com/html/insef/assets/img/blog/blog-2-3.jpg]
[ordainit.com/html/insef/assets/img/blog/blog-details-sm-3.jpg]
[ordainit.com/html/insef/assets/img/blog/blog-detailss-4.jpg]
[ordainit.com/html/insef/blog.html]
[ordainit.com/html/insef/contact.html]
[ordainit.com/html/insef/assets/fonts/fa-light-300.html]
[ordainit.com/html/insef/assets/fonts/fa-brands-400.html]
[ordainit.com/html/insef/assets/fonts/fa-duotone-900.html]
[ordainit.com/html/insef/assets/fonts/fa-regular-400.svg]
[ordainit.com/html/insef/assets/fonts/fa-solid-900.html]
[ordainit.com/html/insef/assets/img/cross-out.html]
[ordainit.com/html/insef/portfolio-2.html]
[ordainit.com/html/insef/price-2.html]
[ordainit.com/html/insef/assets/img/work/work-bg-1.html]
